CHAMBER.cpp:64:1:CHAMBER::CHAMBER(int, int, int)	32	static
CHAMBER.cpp:103:6:void CHAMBER::attach(int, int, int)	24	static
CHAMBER.cpp:111:6:void CHAMBER::attachPWM(int, int)	24	static
CHAMBER.cpp:116:6:void CHAMBER::attachSensor(int)	16	static
CHAMBER.cpp:121:7:float CHAMBER::readPressure()	16	static
CHAMBER.cpp:127:7:float CHAMBER::filterPressure()	16	static
CHAMBER.cpp:133:6:void CHAMBER::writePressure(float)	24	static
CHAMBER.cpp:160:6:void CHAMBER::writePressure(float, float)	32	static
CHAMBER.cpp:183:6:void CHAMBER::writeOpeningSequence()	16	static
CHAMBER.cpp:201:7:float CHAMBER::readPosition()	16	static
CHAMBER.cpp:205:6:void CHAMBER::writePosition(float)	16	static
CHAMBER.cpp:208:7:float CHAMBER::readOpening()	16	static
CHAMBER.cpp:212:6:void CHAMBER::writeOpening(float)	16	static
CHAMBER.cpp:227:6:void CHAMBER::setSensorRange_GaugePa(float, float, float, float)	32	static
CHAMBER.cpp:232:6:void CHAMBER::setValveOpeningLimit(float, float, float, float)	32	static
CHAMBER.cpp:239:7:float CHAMBER::pressure2position(float)	16	static
CHAMBER.cpp:243:7:float CHAMBER::position2pressure(float)	16	static
CHAMBER.cpp:247:14:float myInterpolate(int, float*, float*, float)	32	static
