PneuDriveLL.cpp:19:7:float AnalogRead(uint16_t)	24	static
PneuDriveLL.cpp:35:6:void AnalogWrite(uint16_t, float)	16	static
PneuDriveLL.cpp:41:6:void DigitalWrite(uint16_t, uint16_t)	16	static
PneuDriveLL.cpp:46:6:void DigitalToggle(uint16_t)	16	static
PneuDriveLL.cpp:51:6:void PWMWriteDuty(uint16_t, float)	24	static
PneuDriveLL.cpp:75:6:void PWMWriteFrequency(uint16_t, float)	24	static
PneuDriveLL.cpp:113:14:void setup()	8	static
PneuDriveLL.cpp:125:14:void loop()	8	static
PneuDriveLL.cpp:140:14:void serialDisplay()	8	static
PneuDriveLL.cpp:152:14:void serialReceiveCallback(char*)	16	static
PneuDriveLL.cpp:163:14:void interruptCallback(int)	16	static
PneuDriveLL.cpp:167:13:void serialPort1Callback(char*)	16	static
PneuDriveLL.cpp:172:14:void serialPort4Callback(char*)	16	static
PneuDriveLL.cpp:184:10:uint32_t millis()	8	static
PneuDriveLL.cpp:189:10:uint32_t micros()	16	static
PneuDriveLL.cpp:195:6:void delay_us(int32_t)	24	static
PneuDriveLL.cpp:200:6:void delay_ns(int32_t)	16	static
