PneuDriveLL.cpp:21:7:float AnalogRead(uint16_t)	24	static
PneuDriveLL.cpp:37:6:void AnalogWrite(uint16_t, float)	16	static
PneuDriveLL.cpp:43:6:void DigitalWrite(uint16_t, uint16_t)	16	static
PneuDriveLL.cpp:48:6:void DigitalToggle(uint16_t)	16	static
PneuDriveLL.cpp:53:6:void PWMWriteDuty(uint16_t, float)	24	static
PneuDriveLL.cpp:77:6:void PWMWriteFrequency(uint16_t, float)	24	static
PneuDriveLL.cpp:115:14:void setup()	8	static
PneuDriveLL.cpp:127:14:void loop()	8	static
PneuDriveLL.cpp:142:14:void serialDisplay()	8	static
PneuDriveLL.cpp:154:14:void serialReceiveCallback(char*)	16	static
PneuDriveLL.cpp:165:14:void interruptCallback(int)	16	static
PneuDriveLL.cpp:169:13:void serialPort1Callback(char*)	16	static
PneuDriveLL.cpp:174:14:void serialPort2Callback(char*)	16	static
PneuDriveLL.cpp:186:10:uint32_t millis()	8	static
PneuDriveLL.cpp:191:10:uint32_t micros()	16	static
PneuDriveLL.cpp:197:6:void delay_us(int32_t)	24	static
PneuDriveLL.cpp:202:6:void delay_ns(int32_t)	16	static
PneuDriveLL.cpp:211:6:void setPeriodControlLoop(int32_t)	16	static
PneuDriveLL.cpp:216:6:void setPeriodSendLoop(int32_t)	16	static
