stm32f7xx_it.c:89:6:NMI_Handler	4	static
stm32f7xx_it.c:102:6:HardFault_Handler	4	static
stm32f7xx_it.c:117:6:MemManage_Handler	4	static
stm32f7xx_it.c:132:6:BusFault_Handler	4	static
stm32f7xx_it.c:147:6:UsageFault_Handler	4	static
stm32f7xx_it.c:162:6:DebugMon_Handler	4	static
stm32f7xx_it.c:182:6:EXTI0_IRQHandler	8	static
stm32f7xx_it.c:196:6:EXTI1_IRQHandler	8	static
stm32f7xx_it.c:210:6:EXTI2_IRQHandler	8	static
stm32f7xx_it.c:224:6:EXTI3_IRQHandler	8	static
stm32f7xx_it.c:238:6:EXTI4_IRQHandler	8	static
stm32f7xx_it.c:252:6:DMA1_Stream0_IRQHandler	8	static
stm32f7xx_it.c:266:6:DMA1_Stream1_IRQHandler	8	static
stm32f7xx_it.c:280:6:DMA1_Stream4_IRQHandler	8	static
stm32f7xx_it.c:294:6:DMA1_Stream5_IRQHandler	8	static
stm32f7xx_it.c:308:6:DMA1_Stream6_IRQHandler	8	static
stm32f7xx_it.c:322:6:CAN1_RX0_IRQHandler	8	static
stm32f7xx_it.c:336:6:CAN1_RX1_IRQHandler	8	static
stm32f7xx_it.c:350:6:EXTI9_5_IRQHandler	8	static
stm32f7xx_it.c:364:6:TIM1_UP_TIM10_IRQHandler	8	static
stm32f7xx_it.c:379:6:USART1_IRQHandler	8	static
stm32f7xx_it.c:393:6:USART3_IRQHandler	8	static
stm32f7xx_it.c:407:6:TIM5_IRQHandler	8	static
stm32f7xx_it.c:421:6:DMA2_Stream0_IRQHandler	8	static
stm32f7xx_it.c:435:6:DMA2_Stream1_IRQHandler	8	static
stm32f7xx_it.c:449:6:DMA2_Stream2_IRQHandler	8	static
stm32f7xx_it.c:463:6:DMA2_Stream3_IRQHandler	8	static
stm32f7xx_it.c:477:6:DMA2_Stream4_IRQHandler	8	static
stm32f7xx_it.c:491:6:SPI6_IRQHandler	8	static
