cmath:338:3:constexpr float std::log(float)	16	static
Interface_example_highlevel.cpp:66:6:void setup()	8	static
Interface_example_highlevel.cpp:97:6:void loop()	24	static
Interface_example_highlevel.cpp:162:6:void serialDisplay()	96	static
Interface_example_highlevel.cpp:214:6:void serialReceiveCallback(char*)	80	static
Interface_example_highlevel.cpp:361:7:float sensorVol2Pos(float)	24	static
Interface_example_highlevel.cpp:369:7:float sensorVol2PosRotary(float)	24	static
Interface_example_highlevel.cpp:380:7:float sensorPos2Pressure(float)	24	static
Interface_example_highlevel.cpp:389:7:float sensorPos2PressureRotary(float)	24	static
Interface_example_highlevel.cpp:396:1:void __static_initialization_and_destruction_0(int, int)	16	static
Interface_example_highlevel.cpp:396:1:cpp)	8	static
