stm32f7xx_it.c:93:6:NMI_Handler	4	static
stm32f7xx_it.c:106:6:HardFault_Handler	4	static
stm32f7xx_it.c:121:6:MemManage_Handler	4	static
stm32f7xx_it.c:136:6:BusFault_Handler	4	static
stm32f7xx_it.c:151:6:UsageFault_Handler	4	static
stm32f7xx_it.c:166:6:DebugMon_Handler	4	static
stm32f7xx_it.c:186:6:EXTI0_IRQHandler	8	static
stm32f7xx_it.c:200:6:EXTI1_IRQHandler	8	static
stm32f7xx_it.c:214:6:EXTI2_IRQHandler	8	static
stm32f7xx_it.c:228:6:EXTI3_IRQHandler	8	static
stm32f7xx_it.c:242:6:EXTI4_IRQHandler	8	static
stm32f7xx_it.c:256:6:DMA1_Stream0_IRQHandler	8	static
stm32f7xx_it.c:270:6:DMA1_Stream1_IRQHandler	8	static
stm32f7xx_it.c:284:6:DMA1_Stream2_IRQHandler	8	static
stm32f7xx_it.c:298:6:DMA1_Stream4_IRQHandler	8	static
stm32f7xx_it.c:312:6:DMA1_Stream5_IRQHandler	8	static
stm32f7xx_it.c:326:6:EXTI9_5_IRQHandler	8	static
stm32f7xx_it.c:342:6:TIM1_UP_TIM10_IRQHandler	8	static
stm32f7xx_it.c:357:6:SPI1_IRQHandler	8	static
stm32f7xx_it.c:371:6:USART1_IRQHandler	8	static
stm32f7xx_it.c:385:6:USART3_IRQHandler	8	static
stm32f7xx_it.c:399:6:DMA1_Stream7_IRQHandler	8	static
stm32f7xx_it.c:413:6:TIM5_IRQHandler	8	static
stm32f7xx_it.c:427:6:UART4_IRQHandler	8	static
stm32f7xx_it.c:441:6:DMA2_Stream0_IRQHandler	8	static
stm32f7xx_it.c:455:6:DMA2_Stream1_IRQHandler	8	static
stm32f7xx_it.c:469:6:DMA2_Stream2_IRQHandler	8	static
stm32f7xx_it.c:483:6:DMA2_Stream3_IRQHandler	8	static
stm32f7xx_it.c:497:6:DMA2_Stream4_IRQHandler	8	static
stm32f7xx_it.c:511:6:SPI6_IRQHandler	8	static
stm32f7xx_it.c:523:6:SysTick_Handler	8	static
